Archive member included to satisfy reference by file (symbol)

/opt/avr8-gnu-toolchain-linux_x86_64/bin/../lib/gcc/avr/7.3.0/avr51/libgcc.a(_divmodhi4.o)
                              hd44780.o (__divmodhi4)
/opt/avr8-gnu-toolchain-linux_x86_64/bin/../lib/gcc/avr/7.3.0/avr51/libgcc.a(_divmodsi4.o)
                              hd44780.o (__divmodsi4)
/opt/avr8-gnu-toolchain-linux_x86_64/bin/../lib/gcc/avr/7.3.0/avr51/libgcc.a(_negsi2.o)
                              /opt/avr8-gnu-toolchain-linux_x86_64/bin/../lib/gcc/avr/7.3.0/avr51/libgcc.a(_divmodsi4.o) (__negsi2)
/opt/avr8-gnu-toolchain-linux_x86_64/bin/../lib/gcc/avr/7.3.0/avr51/libgcc.a(_exit.o)
                              /opt/avr8-gnu-toolchain-linux_x86_64/bin/../lib/gcc/avr/7.3.0/../../../../avr/lib/avr51/crtatmega128.o (exit)
/opt/avr8-gnu-toolchain-linux_x86_64/bin/../lib/gcc/avr/7.3.0/avr51/libgcc.a(_copy_data.o)
                              uart_rxtx.o (__do_copy_data)
/opt/avr8-gnu-toolchain-linux_x86_64/bin/../lib/gcc/avr/7.3.0/avr51/libgcc.a(_clear_bss.o)
                              uart_rxtx.o (__do_clear_bss)
/opt/avr8-gnu-toolchain-linux_x86_64/bin/../lib/gcc/avr/7.3.0/avr51/libgcc.a(_udivmodhi4.o)
                              /opt/avr8-gnu-toolchain-linux_x86_64/bin/../lib/gcc/avr/7.3.0/avr51/libgcc.a(_divmodhi4.o) (__udivmodhi4)
/opt/avr8-gnu-toolchain-linux_x86_64/bin/../lib/gcc/avr/7.3.0/avr51/libgcc.a(_udivmodsi4.o)
                              /opt/avr8-gnu-toolchain-linux_x86_64/bin/../lib/gcc/avr/7.3.0/avr51/libgcc.a(_divmodsi4.o) (__udivmodsi4)
/opt/avr8-gnu-toolchain-linux_x86_64/bin/../lib/gcc/avr/7.3.0/../../../../avr/lib/avr51/libc.a(itoa_ncheck.o)
                              uart_rxtx.o (__itoa_ncheck)
/opt/avr8-gnu-toolchain-linux_x86_64/bin/../lib/gcc/avr/7.3.0/../../../../avr/lib/avr51/libc.a(utoa_ncheck.o)
                              /opt/avr8-gnu-toolchain-linux_x86_64/bin/../lib/gcc/avr/7.3.0/../../../../avr/lib/avr51/libc.a(itoa_ncheck.o) (__utoa_common)
/opt/avr8-gnu-toolchain-linux_x86_64/bin/../lib/gcc/avr/7.3.0/../../../../avr/lib/avr51/libc.a(strrev.o)
                              /opt/avr8-gnu-toolchain-linux_x86_64/bin/../lib/gcc/avr/7.3.0/../../../../avr/lib/avr51/libc.a(utoa_ncheck.o) (strrev)

Allocating common symbols
Common symbol       size              file

rcv_rdy             0x1               uart_rxtx.o
uart_tx_buf         0x28              uart_functions.o
uart1_tx_buf        0x28              uart_functions.o
lcd_string_array    0x20              hd44780.o
i                   0x1               uart_rxtx.o
lcd_str             0x10              hd44780.o
lcd_string          0x3               uart_rxtx.o
uart1_rx_buf        0x28              uart_functions.o
lcd_str_array       0x10              uart_rxtx.o
uart_rx_buf         0x28              uart_functions.o
rx_char             0x1               uart_rxtx.o

Memory Configuration

Name             Origin             Length             Attributes
text             0x0000000000000000 0x0000000000020000 xr
data             0x0000000000800100 0x0000000000001000 rw !x
eeprom           0x0000000000810000 0x0000000000001000 rw !x
fuse             0x0000000000820000 0x0000000000000003 rw !x
lock             0x0000000000830000 0x0000000000000400 rw !x
signature        0x0000000000840000 0x0000000000000400 rw !x
user_signatures  0x0000000000850000 0x0000000000000400 rw !x
*default*        0x0000000000000000 0xffffffffffffffff

Linker script and memory map

Address of section .data set to 0x800100
LOAD /opt/avr8-gnu-toolchain-linux_x86_64/bin/../lib/gcc/avr/7.3.0/../../../../avr/lib/avr51/crtatmega128.o
LOAD uart_rxtx.o
LOAD uart_functions.o
LOAD hd44780.o
START GROUP
LOAD /opt/avr8-gnu-toolchain-linux_x86_64/bin/../lib/gcc/avr/7.3.0/avr51/libgcc.a
LOAD /opt/avr8-gnu-toolchain-linux_x86_64/bin/../lib/gcc/avr/7.3.0/../../../../avr/lib/avr51/libm.a
LOAD /opt/avr8-gnu-toolchain-linux_x86_64/bin/../lib/gcc/avr/7.3.0/../../../../avr/lib/avr51/libc.a
LOAD /opt/avr8-gnu-toolchain-linux_x86_64/bin/../lib/gcc/avr/7.3.0/../../../../avr/lib/avr51/libatmega128.a
END GROUP
                0x0000000000000000                __TEXT_REGION_ORIGIN__ = DEFINED (__TEXT_REGION_ORIGIN__)?__TEXT_REGION_ORIGIN__:0x0
                [0x0000000000800100]                __DATA_REGION_ORIGIN__ = DEFINED (__DATA_REGION_ORIGIN__)?__DATA_REGION_ORIGIN__:0x800100
                [0x0000000000020000]                __TEXT_REGION_LENGTH__ = DEFINED (__TEXT_REGION_LENGTH__)?__TEXT_REGION_LENGTH__:0x20000
                [0x0000000000001000]                __DATA_REGION_LENGTH__ = DEFINED (__DATA_REGION_LENGTH__)?__DATA_REGION_LENGTH__:0xff00
                [0x0000000000001000]                __EEPROM_REGION_LENGTH__ = DEFINED (__EEPROM_REGION_LENGTH__)?__EEPROM_REGION_LENGTH__:0x10000
                [0x0000000000000003]                __FUSE_REGION_LENGTH__ = DEFINED (__FUSE_REGION_LENGTH__)?__FUSE_REGION_LENGTH__:0x400
                0x0000000000000400                __LOCK_REGION_LENGTH__ = DEFINED (__LOCK_REGION_LENGTH__)?__LOCK_REGION_LENGTH__:0x400
                0x0000000000000400                __SIGNATURE_REGION_LENGTH__ = DEFINED (__SIGNATURE_REGION_LENGTH__)?__SIGNATURE_REGION_LENGTH__:0x400
                0x0000000000000400                __USER_SIGNATURE_REGION_LENGTH__ = DEFINED (__USER_SIGNATURE_REGION_LENGTH__)?__USER_SIGNATURE_REGION_LENGTH__:0x400

.hash
 *(.hash)

.dynsym
 *(.dynsym)

.dynstr
 *(.dynstr)

.gnu.version
 *(.gnu.version)

.gnu.version_d
 *(.gnu.version_d)

.gnu.version_r
 *(.gnu.version_r)

.rel.init
 *(.rel.init)

.rela.init
 *(.rela.init)

.rel.text
 *(.rel.text)
 *(.rel.text.*)
 *(.rel.gnu.linkonce.t*)

.rela.text
 *(.rela.text)
 *(.rela.text.*)
 *(.rela.gnu.linkonce.t*)

.rel.fini
 *(.rel.fini)

.rela.fini
 *(.rela.fini)

.rel.rodata
 *(.rel.rodata)
 *(.rel.rodata.*)
 *(.rel.gnu.linkonce.r*)

.rela.rodata
 *(.rela.rodata)
 *(.rela.rodata.*)
 *(.rela.gnu.linkonce.r*)

.rel.data
 *(.rel.data)
 *(.rel.data.*)
 *(.rel.gnu.linkonce.d*)

.rela.data
 *(.rela.data)
 *(.rela.data.*)
 *(.rela.gnu.linkonce.d*)

.rel.ctors
 *(.rel.ctors)

.rela.ctors
 *(.rela.ctors)

.rel.dtors
 *(.rel.dtors)

.rela.dtors
 *(.rela.dtors)

.rel.got
 *(.rel.got)

.rela.got
 *(.rela.got)

.rel.bss
 *(.rel.bss)

.rela.bss
 *(.rela.bss)

.rel.plt
 *(.rel.plt)

.rela.plt
 *(.rela.plt)

.text           0x0000000000000000      0xd9a
 *(.vectors)
 .vectors       0x0000000000000000       0x8c /opt/avr8-gnu-toolchain-linux_x86_64/bin/../lib/gcc/avr/7.3.0/../../../../avr/lib/avr51/crtatmega128.o
                0x0000000000000000                __vectors
                0x0000000000000000                __vector_default
 *(.vectors)
 *(.progmem.gcc*)
                0x000000000000008c                . = ALIGN (0x2)
                0x000000000000008c                __trampolines_start = .
 *(.trampolines)
 .trampolines   0x000000000000008c        0x0 linker stubs
 *(.trampolines*)
                0x000000000000008c                __trampolines_end = .
 *libprintf_flt.a:*(.progmem.data)
 *libc.a:*(.progmem.data)
 *(.progmem*)
                0x000000000000008c                . = ALIGN (0x2)
 *(.jumptables)
 *(.jumptables*)
 *(.lowtext)
 *(.lowtext*)
                0x000000000000008c                __ctors_start = .
 *(.ctors)
                0x000000000000008c                __ctors_end = .
                0x000000000000008c                __dtors_start = .
 *(.dtors)
                0x000000000000008c                __dtors_end = .
 SORT(*)(.ctors)
 SORT(*)(.dtors)
 *(.init0)
 .init0         0x000000000000008c        0x0 /opt/avr8-gnu-toolchain-linux_x86_64/bin/../lib/gcc/avr/7.3.0/../../../../avr/lib/avr51/crtatmega128.o
                0x000000000000008c                __init
 *(.init0)
 *(.init1)
 *(.init1)
 *(.init2)
 .init2         0x000000000000008c        0xc /opt/avr8-gnu-toolchain-linux_x86_64/bin/../lib/gcc/avr/7.3.0/../../../../avr/lib/avr51/crtatmega128.o
 *(.init2)
 *(.init3)
 *(.init3)
 *(.init4)
 .init4         0x0000000000000098       0x1a /opt/avr8-gnu-toolchain-linux_x86_64/bin/../lib/gcc/avr/7.3.0/avr51/libgcc.a(_copy_data.o)
                0x0000000000000098                __do_copy_data
 .init4         0x00000000000000b2       0x10 /opt/avr8-gnu-toolchain-linux_x86_64/bin/../lib/gcc/avr/7.3.0/avr51/libgcc.a(_clear_bss.o)
                0x00000000000000b2                __do_clear_bss
 *(.init4)
 *(.init5)
 *(.init5)
 *(.init6)
 *(.init6)
 *(.init7)
 *(.init7)
 *(.init8)
 *(.init8)
 *(.init9)
 .init9         0x00000000000000c2        0x8 /opt/avr8-gnu-toolchain-linux_x86_64/bin/../lib/gcc/avr/7.3.0/../../../../avr/lib/avr51/crtatmega128.o
 *(.init9)
 *(.text)
 .text          0x00000000000000ca        0x4 /opt/avr8-gnu-toolchain-linux_x86_64/bin/../lib/gcc/avr/7.3.0/../../../../avr/lib/avr51/crtatmega128.o
                0x00000000000000ca                __vector_22
                0x00000000000000ca                __vector_28
                0x00000000000000ca                __vector_1
                0x00000000000000ca                __vector_32
                0x00000000000000ca                __vector_34
                0x00000000000000ca                __vector_24
                0x00000000000000ca                __vector_12
                0x00000000000000ca                __bad_interrupt
                0x00000000000000ca                __vector_6
                0x00000000000000ca                __vector_31
                0x00000000000000ca                __vector_3
                0x00000000000000ca                __vector_23
                0x00000000000000ca                __vector_30
                0x00000000000000ca                __vector_25
                0x00000000000000ca                __vector_11
                0x00000000000000ca                __vector_13
                0x00000000000000ca                __vector_17
                0x00000000000000ca                __vector_19
                0x00000000000000ca                __vector_7
                0x00000000000000ca                __vector_27
                0x00000000000000ca                __vector_5
                0x00000000000000ca                __vector_33
                0x00000000000000ca                __vector_4
                0x00000000000000ca                __vector_9
                0x00000000000000ca                __vector_2
                0x00000000000000ca                __vector_21
                0x00000000000000ca                __vector_15
                0x00000000000000ca                __vector_29
                0x00000000000000ca                __vector_8
                0x00000000000000ca                __vector_26
                0x00000000000000ca                __vector_14
                0x00000000000000ca                __vector_10
                0x00000000000000ca                __vector_16
                0x00000000000000ca                __vector_20
 .text          0x00000000000000ce       0x6c uart_rxtx.o
                0x00000000000000ce                spi_init
                0x00000000000000de                __vector_18
 .text          0x000000000000013a       0xf6 uart_functions.o
                0x000000000000013a                uart_putc
                0x0000000000000146                uart1_putc
                0x000000000000015c                uart_puts
                0x0000000000000178                uart1_puts
                0x000000000000019e                uart_puts_p
                0x00000000000001c4                uart_init
                0x00000000000001de                uart1_init
                0x00000000000001fe                uart_getc
                0x0000000000000214                uart1_getc
 .text          0x0000000000000230      0x976 hd44780.o
                0x0000000000000230                send_lcd
                0x000000000000025a                refresh_lcd
                0x00000000000002fc                set_custom_character
                0x0000000000000368                set_cursor
                0x0000000000000398                uint2lcd
                0x0000000000000470                int2lcd
                0x00000000000004aa                cursor_on
                0x00000000000004ce                cursor_off
                0x00000000000004f2                shift_right
                0x0000000000000516                shift_left
                0x000000000000053a                strobe_lcd
                0x000000000000054c                clear_display
                0x000000000000057c                cursor_home
                0x00000000000005ac                line2_col1
                0x00000000000005d0                line1_col1
                0x00000000000005f4                fill_spaces
                0x0000000000000628                char2lcd
                0x000000000000064c                string2lcd
                0x00000000000006a6                lcd_init
                0x000000000000082a                lcd_int32
                0x00000000000009e2                lcd_int16
 .text          0x0000000000000ba6        0x0 /opt/avr8-gnu-toolchain-linux_x86_64/bin/../lib/gcc/avr/7.3.0/avr51/libgcc.a(_divmodhi4.o)
 .text          0x0000000000000ba6        0x0 /opt/avr8-gnu-toolchain-linux_x86_64/bin/../lib/gcc/avr/7.3.0/avr51/libgcc.a(_divmodsi4.o)
 .text          0x0000000000000ba6        0x0 /opt/avr8-gnu-toolchain-linux_x86_64/bin/../lib/gcc/avr/7.3.0/avr51/libgcc.a(_negsi2.o)
 .text          0x0000000000000ba6        0x0 /opt/avr8-gnu-toolchain-linux_x86_64/bin/../lib/gcc/avr/7.3.0/avr51/libgcc.a(_exit.o)
 .text          0x0000000000000ba6        0x0 /opt/avr8-gnu-toolchain-linux_x86_64/bin/../lib/gcc/avr/7.3.0/avr51/libgcc.a(_copy_data.o)
 .text          0x0000000000000ba6        0x0 /opt/avr8-gnu-toolchain-linux_x86_64/bin/../lib/gcc/avr/7.3.0/avr51/libgcc.a(_clear_bss.o)
 .text          0x0000000000000ba6        0x0 /opt/avr8-gnu-toolchain-linux_x86_64/bin/../lib/gcc/avr/7.3.0/avr51/libgcc.a(_udivmodhi4.o)
 .text          0x0000000000000ba6        0x0 /opt/avr8-gnu-toolchain-linux_x86_64/bin/../lib/gcc/avr/7.3.0/avr51/libgcc.a(_udivmodsi4.o)
 .text          0x0000000000000ba6        0x0 /opt/avr8-gnu-toolchain-linux_x86_64/bin/../lib/gcc/avr/7.3.0/../../../../avr/lib/avr51/libc.a(itoa_ncheck.o)
 .text          0x0000000000000ba6        0x0 /opt/avr8-gnu-toolchain-linux_x86_64/bin/../lib/gcc/avr/7.3.0/../../../../avr/lib/avr51/libc.a(utoa_ncheck.o)
 .text          0x0000000000000ba6        0x0 /opt/avr8-gnu-toolchain-linux_x86_64/bin/../lib/gcc/avr/7.3.0/../../../../avr/lib/avr51/libc.a(strrev.o)
                0x0000000000000ba6                . = ALIGN (0x2)
 *(.text.*)
 .text.startup  0x0000000000000ba6       0xb4 uart_rxtx.o
                0x0000000000000ba6                main
 .text.libgcc.mul
                0x0000000000000c5a        0x0 /opt/avr8-gnu-toolchain-linux_x86_64/bin/../lib/gcc/avr/7.3.0/avr51/libgcc.a(_divmodhi4.o)
 .text.libgcc.div
                0x0000000000000c5a       0x28 /opt/avr8-gnu-toolchain-linux_x86_64/bin/../lib/gcc/avr/7.3.0/avr51/libgcc.a(_divmodhi4.o)
                0x0000000000000c5a                __divmodhi4
                0x0000000000000c5a                _div
 .text.libgcc   0x0000000000000c82        0x0 /opt/avr8-gnu-toolchain-linux_x86_64/bin/../lib/gcc/avr/7.3.0/avr51/libgcc.a(_divmodhi4.o)
 .text.libgcc.prologue
                0x0000000000000c82        0x0 /opt/avr8-gnu-toolchain-linux_x86_64/bin/../lib/gcc/avr/7.3.0/avr51/libgcc.a(_divmodhi4.o)
 .text.libgcc.builtins
                0x0000000000000c82        0x0 /opt/avr8-gnu-toolchain-linux_x86_64/bin/../lib/gcc/avr/7.3.0/avr51/libgcc.a(_divmodhi4.o)
 .text.libgcc.fmul
                0x0000000000000c82        0x0 /opt/avr8-gnu-toolchain-linux_x86_64/bin/../lib/gcc/avr/7.3.0/avr51/libgcc.a(_divmodhi4.o)
 .text.libgcc.fixed
                0x0000000000000c82        0x0 /opt/avr8-gnu-toolchain-linux_x86_64/bin/../lib/gcc/avr/7.3.0/avr51/libgcc.a(_divmodhi4.o)
 .text.libgcc.mul
                0x0000000000000c82        0x0 /opt/avr8-gnu-toolchain-linux_x86_64/bin/../lib/gcc/avr/7.3.0/avr51/libgcc.a(_divmodsi4.o)
 .text.libgcc.div
                0x0000000000000c82       0x2e /opt/avr8-gnu-toolchain-linux_x86_64/bin/../lib/gcc/avr/7.3.0/avr51/libgcc.a(_divmodsi4.o)
                0x0000000000000c82                __divmodsi4
 .text.libgcc   0x0000000000000cb0        0x0 /opt/avr8-gnu-toolchain-linux_x86_64/bin/../lib/gcc/avr/7.3.0/avr51/libgcc.a(_divmodsi4.o)
 .text.libgcc.prologue
                0x0000000000000cb0        0x0 /opt/avr8-gnu-toolchain-linux_x86_64/bin/../lib/gcc/avr/7.3.0/avr51/libgcc.a(_divmodsi4.o)
 .text.libgcc.builtins
                0x0000000000000cb0        0x0 /opt/avr8-gnu-toolchain-linux_x86_64/bin/../lib/gcc/avr/7.3.0/avr51/libgcc.a(_divmodsi4.o)
 .text.libgcc.fmul
                0x0000000000000cb0        0x0 /opt/avr8-gnu-toolchain-linux_x86_64/bin/../lib/gcc/avr/7.3.0/avr51/libgcc.a(_divmodsi4.o)
 .text.libgcc.fixed
                0x0000000000000cb0        0x0 /opt/avr8-gnu-toolchain-linux_x86_64/bin/../lib/gcc/avr/7.3.0/avr51/libgcc.a(_divmodsi4.o)
 .text.libgcc.mul
                0x0000000000000cb0        0x0 /opt/avr8-gnu-toolchain-linux_x86_64/bin/../lib/gcc/avr/7.3.0/avr51/libgcc.a(_negsi2.o)
 .text.libgcc.div
                0x0000000000000cb0       0x10 /opt/avr8-gnu-toolchain-linux_x86_64/bin/../lib/gcc/avr/7.3.0/avr51/libgcc.a(_negsi2.o)
                0x0000000000000cb0                __negsi2
 .text.libgcc   0x0000000000000cc0        0x0 /opt/avr8-gnu-toolchain-linux_x86_64/bin/../lib/gcc/avr/7.3.0/avr51/libgcc.a(_negsi2.o)
 .text.libgcc.prologue
                0x0000000000000cc0        0x0 /opt/avr8-gnu-toolchain-linux_x86_64/bin/../lib/gcc/avr/7.3.0/avr51/libgcc.a(_negsi2.o)
 .text.libgcc.builtins
                0x0000000000000cc0        0x0 /opt/avr8-gnu-toolchain-linux_x86_64/bin/../lib/gcc/avr/7.3.0/avr51/libgcc.a(_negsi2.o)
 .text.libgcc.fmul
                0x0000000000000cc0        0x0 /opt/avr8-gnu-toolchain-linux_x86_64/bin/../lib/gcc/avr/7.3.0/avr51/libgcc.a(_negsi2.o)
 .text.libgcc.fixed
                0x0000000000000cc0        0x0 /opt/avr8-gnu-toolchain-linux_x86_64/bin/../lib/gcc/avr/7.3.0/avr51/libgcc.a(_negsi2.o)
 .text.libgcc.mul
                0x0000000000000cc0        0x0 /opt/avr8-gnu-toolchain-linux_x86_64/bin/../lib/gcc/avr/7.3.0/avr51/libgcc.a(_exit.o)
 .text.libgcc.div
                0x0000000000000cc0        0x0 /opt/avr8-gnu-toolchain-linux_x86_64/bin/../lib/gcc/avr/7.3.0/avr51/libgcc.a(_exit.o)
 .text.libgcc   0x0000000000000cc0        0x0 /opt/avr8-gnu-toolchain-linux_x86_64/bin/../lib/gcc/avr/7.3.0/avr51/libgcc.a(_exit.o)
 .text.libgcc.prologue
                0x0000000000000cc0        0x0 /opt/avr8-gnu-toolchain-linux_x86_64/bin/../lib/gcc/avr/7.3.0/avr51/libgcc.a(_exit.o)
 .text.libgcc.builtins
                0x0000000000000cc0        0x0 /opt/avr8-gnu-toolchain-linux_x86_64/bin/../lib/gcc/avr/7.3.0/avr51/libgcc.a(_exit.o)
 .text.libgcc.fmul
                0x0000000000000cc0        0x0 /opt/avr8-gnu-toolchain-linux_x86_64/bin/../lib/gcc/avr/7.3.0/avr51/libgcc.a(_exit.o)
 .text.libgcc.fixed
                0x0000000000000cc0        0x0 /opt/avr8-gnu-toolchain-linux_x86_64/bin/../lib/gcc/avr/7.3.0/avr51/libgcc.a(_exit.o)
 .text.libgcc.mul
                0x0000000000000cc0        0x0 /opt/avr8-gnu-toolchain-linux_x86_64/bin/../lib/gcc/avr/7.3.0/avr51/libgcc.a(_copy_data.o)
 .text.libgcc.div
                0x0000000000000cc0        0x0 /opt/avr8-gnu-toolchain-linux_x86_64/bin/../lib/gcc/avr/7.3.0/avr51/libgcc.a(_copy_data.o)
 .text.libgcc   0x0000000000000cc0        0x0 /opt/avr8-gnu-toolchain-linux_x86_64/bin/../lib/gcc/avr/7.3.0/avr51/libgcc.a(_copy_data.o)
 .text.libgcc.prologue
                0x0000000000000cc0        0x0 /opt/avr8-gnu-toolchain-linux_x86_64/bin/../lib/gcc/avr/7.3.0/avr51/libgcc.a(_copy_data.o)
 .text.libgcc.builtins
                0x0000000000000cc0        0x0 /opt/avr8-gnu-toolchain-linux_x86_64/bin/../lib/gcc/avr/7.3.0/avr51/libgcc.a(_copy_data.o)
 .text.libgcc.fmul
                0x0000000000000cc0        0x0 /opt/avr8-gnu-toolchain-linux_x86_64/bin/../lib/gcc/avr/7.3.0/avr51/libgcc.a(_copy_data.o)
 .text.libgcc.fixed
                0x0000000000000cc0        0x0 /opt/avr8-gnu-toolchain-linux_x86_64/bin/../lib/gcc/avr/7.3.0/avr51/libgcc.a(_copy_data.o)
 .text.libgcc.mul
                0x0000000000000cc0        0x0 /opt/avr8-gnu-toolchain-linux_x86_64/bin/../lib/gcc/avr/7.3.0/avr51/libgcc.a(_clear_bss.o)
 .text.libgcc.div
                0x0000000000000cc0        0x0 /opt/avr8-gnu-toolchain-linux_x86_64/bin/../lib/gcc/avr/7.3.0/avr51/libgcc.a(_clear_bss.o)
 .text.libgcc   0x0000000000000cc0        0x0 /opt/avr8-gnu-toolchain-linux_x86_64/bin/../lib/gcc/avr/7.3.0/avr51/libgcc.a(_clear_bss.o)
 .text.libgcc.prologue
                0x0000000000000cc0        0x0 /opt/avr8-gnu-toolchain-linux_x86_64/bin/../lib/gcc/avr/7.3.0/avr51/libgcc.a(_clear_bss.o)
 .text.libgcc.builtins
                0x0000000000000cc0        0x0 /opt/avr8-gnu-toolchain-linux_x86_64/bin/../lib/gcc/avr/7.3.0/avr51/libgcc.a(_clear_bss.o)
 .text.libgcc.fmul
                0x0000000000000cc0        0x0 /opt/avr8-gnu-toolchain-linux_x86_64/bin/../lib/gcc/avr/7.3.0/avr51/libgcc.a(_clear_bss.o)
 .text.libgcc.fixed
                0x0000000000000cc0        0x0 /opt/avr8-gnu-toolchain-linux_x86_64/bin/../lib/gcc/avr/7.3.0/avr51/libgcc.a(_clear_bss.o)
 .text.libgcc.mul
                0x0000000000000cc0        0x0 /opt/avr8-gnu-toolchain-linux_x86_64/bin/../lib/gcc/avr/7.3.0/avr51/libgcc.a(_udivmodhi4.o)
 .text.libgcc.div
                0x0000000000000cc0       0x28 /opt/avr8-gnu-toolchain-linux_x86_64/bin/../lib/gcc/avr/7.3.0/avr51/libgcc.a(_udivmodhi4.o)
                0x0000000000000cc0                __udivmodhi4
 .text.libgcc   0x0000000000000ce8        0x0 /opt/avr8-gnu-toolchain-linux_x86_64/bin/../lib/gcc/avr/7.3.0/avr51/libgcc.a(_udivmodhi4.o)
 .text.libgcc.prologue
                0x0000000000000ce8        0x0 /opt/avr8-gnu-toolchain-linux_x86_64/bin/../lib/gcc/avr/7.3.0/avr51/libgcc.a(_udivmodhi4.o)
 .text.libgcc.builtins
                0x0000000000000ce8        0x0 /opt/avr8-gnu-toolchain-linux_x86_64/bin/../lib/gcc/avr/7.3.0/avr51/libgcc.a(_udivmodhi4.o)
 .text.libgcc.fmul
                0x0000000000000ce8        0x0 /opt/avr8-gnu-toolchain-linux_x86_64/bin/../lib/gcc/avr/7.3.0/avr51/libgcc.a(_udivmodhi4.o)
 .text.libgcc.fixed
                0x0000000000000ce8        0x0 /opt/avr8-gnu-toolchain-linux_x86_64/bin/../lib/gcc/avr/7.3.0/avr51/libgcc.a(_udivmodhi4.o)
 .text.libgcc.mul
                0x0000000000000ce8        0x0 /opt/avr8-gnu-toolchain-linux_x86_64/bin/../lib/gcc/avr/7.3.0/avr51/libgcc.a(_udivmodsi4.o)
 .text.libgcc.div
                0x0000000000000ce8       0x44 /opt/avr8-gnu-toolchain-linux_x86_64/bin/../lib/gcc/avr/7.3.0/avr51/libgcc.a(_udivmodsi4.o)
                0x0000000000000ce8                __udivmodsi4
 .text.libgcc   0x0000000000000d2c        0x0 /opt/avr8-gnu-toolchain-linux_x86_64/bin/../lib/gcc/avr/7.3.0/avr51/libgcc.a(_udivmodsi4.o)
 .text.libgcc.prologue
                0x0000000000000d2c        0x0 /opt/avr8-gnu-toolchain-linux_x86_64/bin/../lib/gcc/avr/7.3.0/avr51/libgcc.a(_udivmodsi4.o)
 .text.libgcc.builtins
                0x0000000000000d2c        0x0 /opt/avr8-gnu-toolchain-linux_x86_64/bin/../lib/gcc/avr/7.3.0/avr51/libgcc.a(_udivmodsi4.o)
 .text.libgcc.fmul
                0x0000000000000d2c        0x0 /opt/avr8-gnu-toolchain-linux_x86_64/bin/../lib/gcc/avr/7.3.0/avr51/libgcc.a(_udivmodsi4.o)
 .text.libgcc.fixed
                0x0000000000000d2c        0x0 /opt/avr8-gnu-toolchain-linux_x86_64/bin/../lib/gcc/avr/7.3.0/avr51/libgcc.a(_udivmodsi4.o)
 .text.avr-libc
                0x0000000000000d2c       0x16 /opt/avr8-gnu-toolchain-linux_x86_64/bin/../lib/gcc/avr/7.3.0/../../../../avr/lib/avr51/libc.a(itoa_ncheck.o)
                0x0000000000000d2c                __itoa_ncheck
 .text.avr-libc
                0x0000000000000d42       0x34 /opt/avr8-gnu-toolchain-linux_x86_64/bin/../lib/gcc/avr/7.3.0/../../../../avr/lib/avr51/libc.a(utoa_ncheck.o)
                0x0000000000000d42                __utoa_ncheck
                0x0000000000000d44                __utoa_common
 .text.avr-libc
                0x0000000000000d76       0x20 /opt/avr8-gnu-toolchain-linux_x86_64/bin/../lib/gcc/avr/7.3.0/../../../../avr/lib/avr51/libc.a(strrev.o)
                0x0000000000000d76                strrev
                0x0000000000000d96                . = ALIGN (0x2)
 *(.fini9)
 .fini9         0x0000000000000d96        0x0 /opt/avr8-gnu-toolchain-linux_x86_64/bin/../lib/gcc/avr/7.3.0/avr51/libgcc.a(_exit.o)
                0x0000000000000d96                exit
                0x0000000000000d96                _exit
 *(.fini9)
 *(.fini8)
 *(.fini8)
 *(.fini7)
 *(.fini7)
 *(.fini6)
 *(.fini6)
 *(.fini5)
 *(.fini5)
 *(.fini4)
 *(.fini4)
 *(.fini3)
 *(.fini3)
 *(.fini2)
 *(.fini2)
 *(.fini1)
 *(.fini1)
 *(.fini0)
 .fini0         0x0000000000000d96        0x4 /opt/avr8-gnu-toolchain-linux_x86_64/bin/../lib/gcc/avr/7.3.0/avr51/libgcc.a(_exit.o)
 *(.fini0)
                0x0000000000000d9a                _etext = .

.data           0x0000000000800100        0xe load address 0x0000000000000d9a
                0x0000000000800100                PROVIDE (__data_start, .)
 *(.data)
 .data          0x0000000000800100        0x0 /opt/avr8-gnu-toolchain-linux_x86_64/bin/../lib/gcc/avr/7.3.0/../../../../avr/lib/avr51/crtatmega128.o
 .data          0x0000000000800100        0x0 uart_rxtx.o
 .data          0x0000000000800100        0x0 uart_functions.o
 .data          0x0000000000800100        0x0 hd44780.o
 .data          0x0000000000800100        0x0 /opt/avr8-gnu-toolchain-linux_x86_64/bin/../lib/gcc/avr/7.3.0/avr51/libgcc.a(_divmodhi4.o)
 .data          0x0000000000800100        0x0 /opt/avr8-gnu-toolchain-linux_x86_64/bin/../lib/gcc/avr/7.3.0/avr51/libgcc.a(_divmodsi4.o)
 .data          0x0000000000800100        0x0 /opt/avr8-gnu-toolchain-linux_x86_64/bin/../lib/gcc/avr/7.3.0/avr51/libgcc.a(_negsi2.o)
 .data          0x0000000000800100        0x0 /opt/avr8-gnu-toolchain-linux_x86_64/bin/../lib/gcc/avr/7.3.0/avr51/libgcc.a(_exit.o)
 .data          0x0000000000800100        0x0 /opt/avr8-gnu-toolchain-linux_x86_64/bin/../lib/gcc/avr/7.3.0/avr51/libgcc.a(_copy_data.o)
 .data          0x0000000000800100        0x0 /opt/avr8-gnu-toolchain-linux_x86_64/bin/../lib/gcc/avr/7.3.0/avr51/libgcc.a(_clear_bss.o)
 .data          0x0000000000800100        0x0 /opt/avr8-gnu-toolchain-linux_x86_64/bin/../lib/gcc/avr/7.3.0/avr51/libgcc.a(_udivmodhi4.o)
 .data          0x0000000000800100        0x0 /opt/avr8-gnu-toolchain-linux_x86_64/bin/../lib/gcc/avr/7.3.0/avr51/libgcc.a(_udivmodsi4.o)
 .data          0x0000000000800100        0x0 /opt/avr8-gnu-toolchain-linux_x86_64/bin/../lib/gcc/avr/7.3.0/../../../../avr/lib/avr51/libc.a(itoa_ncheck.o)
 .data          0x0000000000800100        0x0 /opt/avr8-gnu-toolchain-linux_x86_64/bin/../lib/gcc/avr/7.3.0/../../../../avr/lib/avr51/libc.a(utoa_ncheck.o)
 .data          0x0000000000800100        0x0 /opt/avr8-gnu-toolchain-linux_x86_64/bin/../lib/gcc/avr/7.3.0/../../../../avr/lib/avr51/libc.a(strrev.o)
 *(.data*)
 *(.gnu.linkonce.d*)
 *(.rodata)
 *(.rodata*)
 .rodata.str1.1
                0x0000000000800100        0xe uart_rxtx.o
 *(.gnu.linkonce.r*)
                0x000000000080010e                . = ALIGN (0x2)
                0x000000000080010e                _edata = .
                0x000000000080010e                PROVIDE (__data_end, .)

.bss            0x000000000080010e       0xe9
                0x000000000080010e                PROVIDE (__bss_start, .)
 *(.bss)
 .bss           0x000000000080010e        0x0 /opt/avr8-gnu-toolchain-linux_x86_64/bin/../lib/gcc/avr/7.3.0/../../../../avr/lib/avr51/crtatmega128.o
 .bss           0x000000000080010e        0x2 uart_rxtx.o
                0x000000000080010e                send_seq
 .bss           0x0000000000800110        0x0 uart_functions.o
 .bss           0x0000000000800110        0x1 hd44780.o
 .bss           0x0000000000800111        0x0 /opt/avr8-gnu-toolchain-linux_x86_64/bin/../lib/gcc/avr/7.3.0/avr51/libgcc.a(_divmodhi4.o)
 .bss           0x0000000000800111        0x0 /opt/avr8-gnu-toolchain-linux_x86_64/bin/../lib/gcc/avr/7.3.0/avr51/libgcc.a(_divmodsi4.o)
 .bss           0x0000000000800111        0x0 /opt/avr8-gnu-toolchain-linux_x86_64/bin/../lib/gcc/avr/7.3.0/avr51/libgcc.a(_negsi2.o)
 .bss           0x0000000000800111        0x0 /opt/avr8-gnu-toolchain-linux_x86_64/bin/../lib/gcc/avr/7.3.0/avr51/libgcc.a(_exit.o)
 .bss           0x0000000000800111        0x0 /opt/avr8-gnu-toolchain-linux_x86_64/bin/../lib/gcc/avr/7.3.0/avr51/libgcc.a(_copy_data.o)
 .bss           0x0000000000800111        0x0 /opt/avr8-gnu-toolchain-linux_x86_64/bin/../lib/gcc/avr/7.3.0/avr51/libgcc.a(_clear_bss.o)
 .bss           0x0000000000800111        0x0 /opt/avr8-gnu-toolchain-linux_x86_64/bin/../lib/gcc/avr/7.3.0/avr51/libgcc.a(_udivmodhi4.o)
 .bss           0x0000000000800111        0x0 /opt/avr8-gnu-toolchain-linux_x86_64/bin/../lib/gcc/avr/7.3.0/avr51/libgcc.a(_udivmodsi4.o)
 .bss           0x0000000000800111        0x0 /opt/avr8-gnu-toolchain-linux_x86_64/bin/../lib/gcc/avr/7.3.0/../../../../avr/lib/avr51/libc.a(itoa_ncheck.o)
 .bss           0x0000000000800111        0x0 /opt/avr8-gnu-toolchain-linux_x86_64/bin/../lib/gcc/avr/7.3.0/../../../../avr/lib/avr51/libc.a(utoa_ncheck.o)
 .bss           0x0000000000800111        0x0 /opt/avr8-gnu-toolchain-linux_x86_64/bin/../lib/gcc/avr/7.3.0/../../../../avr/lib/avr51/libc.a(strrev.o)
 *(.bss*)
 *(COMMON)
 COMMON         0x0000000000800111       0x16 uart_rxtx.o
                0x0000000000800111                rcv_rdy
                0x0000000000800112                i
                0x0000000000800113                lcd_string
                0x0000000000800116                lcd_str_array
                0x0000000000800126                rx_char
 COMMON         0x0000000000800127       0xa0 uart_functions.o
                0x0000000000800127                uart_tx_buf
                0x000000000080014f                uart1_tx_buf
                0x0000000000800177                uart1_rx_buf
                0x000000000080019f                uart_rx_buf
 COMMON         0x00000000008001c7       0x30 hd44780.o
                0x00000000008001c7                lcd_string_array
                0x00000000008001e7                lcd_str
                0x00000000008001f7                PROVIDE (__bss_end, .)
                0x0000000000000d9a                __data_load_start = LOADADDR (.data)
                0x0000000000000da8                __data_load_end = (__data_load_start + SIZEOF (.data))

.noinit         0x00000000008001f7        0x0
                [!provide]                        PROVIDE (__noinit_start, .)
 *(.noinit*)
                [!provide]                        PROVIDE (__noinit_end, .)
                0x00000000008001f7                _end = .
                [!provide]                        PROVIDE (__heap_start, .)

.eeprom         0x0000000000810000        0x0
 *(.eeprom*)
                0x0000000000810000                __eeprom_end = .

.fuse
 *(.fuse)
 *(.lfuse)
 *(.hfuse)
 *(.efuse)

.lock
 *(.lock*)

.signature
 *(.signature*)

.user_signatures
 *(.user_signatures*)

.stab
 *(.stab)

.stabstr
 *(.stabstr)

.stab.excl
 *(.stab.excl)

.stab.exclstr
 *(.stab.exclstr)

.stab.index
 *(.stab.index)

.stab.indexstr
 *(.stab.indexstr)

.comment        0x0000000000000000       0x30
 *(.comment)
 .comment       0x0000000000000000       0x30 uart_rxtx.o
                                         0x31 (size before relaxing)
 .comment       0x0000000000000030       0x31 uart_functions.o
 .comment       0x0000000000000030       0x31 hd44780.o

.note.gnu.avr.deviceinfo
                0x0000000000000000       0x3c
 .note.gnu.avr.deviceinfo
                0x0000000000000000       0x3c /opt/avr8-gnu-toolchain-linux_x86_64/bin/../lib/gcc/avr/7.3.0/../../../../avr/lib/avr51/crtatmega128.o

.note.gnu.build-id
 *(.note.gnu.build-id)

.debug
 *(.debug)

.line
 *(.line)

.debug_srcinfo
 *(.debug_srcinfo)

.debug_sfnames
 *(.debug_sfnames)

.debug_aranges  0x0000000000000000       0x68
 *(.debug_aranges)
 .debug_aranges
                0x0000000000000000       0x28 uart_rxtx.o
 .debug_aranges
                0x0000000000000028       0x20 uart_functions.o
 .debug_aranges
                0x0000000000000048       0x20 hd44780.o

.debug_pubnames
 *(.debug_pubnames)

.debug_info     0x0000000000000000     0x2115
 *(.debug_info .gnu.linkonce.wi.*)
 .debug_info    0x0000000000000000      0x780 /opt/avr8-gnu-toolchain-linux_x86_64/bin/../lib/gcc/avr/7.3.0/../../../../avr/lib/avr51/crtatmega128.o
 .debug_info    0x0000000000000780      0x40c uart_rxtx.o
 .debug_info    0x0000000000000b8c      0x340 uart_functions.o
 .debug_info    0x0000000000000ecc     0x1249 hd44780.o

.debug_abbrev   0x0000000000000000      0xdf9
 *(.debug_abbrev)
 .debug_abbrev  0x0000000000000000      0x718 /opt/avr8-gnu-toolchain-linux_x86_64/bin/../lib/gcc/avr/7.3.0/../../../../avr/lib/avr51/crtatmega128.o
 .debug_abbrev  0x0000000000000718      0x223 uart_rxtx.o
 .debug_abbrev  0x000000000000093b      0x190 uart_functions.o
 .debug_abbrev  0x0000000000000acb      0x32e hd44780.o

.debug_line     0x0000000000000000      0xe03
 *(.debug_line .debug_line.* .debug_line_end)
 .debug_line    0x0000000000000000       0x1a /opt/avr8-gnu-toolchain-linux_x86_64/bin/../lib/gcc/avr/7.3.0/../../../../avr/lib/avr51/crtatmega128.o
 .debug_line    0x000000000000001a      0x235 uart_rxtx.o
 .debug_line    0x000000000000024f      0x238 uart_functions.o
 .debug_line    0x0000000000000487      0x97c hd44780.o

.debug_frame    0x0000000000000000      0x30c
 *(.debug_frame)
 .debug_frame   0x0000000000000000       0x64 uart_rxtx.o
 .debug_frame   0x0000000000000064       0xa4 uart_functions.o
 .debug_frame   0x0000000000000108      0x204 hd44780.o

.debug_str      0x0000000000000000      0x677
 *(.debug_str)
 .debug_str     0x0000000000000000      0x27d /opt/avr8-gnu-toolchain-linux_x86_64/bin/../lib/gcc/avr/7.3.0/../../../../avr/lib/avr51/crtatmega128.o
 .debug_str     0x000000000000027d      0x1e8 uart_rxtx.o
                                        0x226 (size before relaxing)
 .debug_str     0x0000000000000465       0xab uart_functions.o
                                        0x1d8 (size before relaxing)
 .debug_str     0x0000000000000510      0x167 hd44780.o
                                        0x322 (size before relaxing)

.debug_loc      0x0000000000000000     0x1926
 *(.debug_loc)
 .debug_loc     0x0000000000000000       0xdc uart_rxtx.o
 .debug_loc     0x00000000000000dc      0x20b uart_functions.o
 .debug_loc     0x00000000000002e7     0x163f hd44780.o

.debug_macinfo
 *(.debug_macinfo)

.debug_weaknames
 *(.debug_weaknames)

.debug_funcnames
 *(.debug_funcnames)

.debug_typenames
 *(.debug_typenames)

.debug_varnames
 *(.debug_varnames)

.debug_pubtypes
 *(.debug_pubtypes)

.debug_ranges   0x0000000000000000       0xc0
 *(.debug_ranges)
 .debug_ranges  0x0000000000000000       0x18 uart_rxtx.o
 .debug_ranges  0x0000000000000018       0x18 uart_functions.o
 .debug_ranges  0x0000000000000030       0x90 hd44780.o

.debug_macro
 *(.debug_macro)
OUTPUT(uart_rxtx.elf elf32-avr)
LOAD linker stubs
