Archive member included to satisfy reference by file (symbol)

/opt/avr8-gnu-toolchain-linux_x86_64/bin/../lib/gcc/avr/7.3.0/avr51/libgcc.a(_divmodhi4.o)
                              hd44780.o (__divmodhi4)
/opt/avr8-gnu-toolchain-linux_x86_64/bin/../lib/gcc/avr/7.3.0/avr51/libgcc.a(_divmodsi4.o)
                              hd44780.o (__divmodsi4)
/opt/avr8-gnu-toolchain-linux_x86_64/bin/../lib/gcc/avr/7.3.0/avr51/libgcc.a(_negsi2.o)
                              /opt/avr8-gnu-toolchain-linux_x86_64/bin/../lib/gcc/avr/7.3.0/avr51/libgcc.a(_divmodsi4.o) (__negsi2)
/opt/avr8-gnu-toolchain-linux_x86_64/bin/../lib/gcc/avr/7.3.0/avr51/libgcc.a(_exit.o)
                              /opt/avr8-gnu-toolchain-linux_x86_64/bin/../lib/gcc/avr/7.3.0/../../../../avr/lib/avr51/crtatmega128.o (exit)
/opt/avr8-gnu-toolchain-linux_x86_64/bin/../lib/gcc/avr/7.3.0/avr51/libgcc.a(_tablejump2.o)
                              twi_master.o (__tablejump2__)
/opt/avr8-gnu-toolchain-linux_x86_64/bin/../lib/gcc/avr/7.3.0/avr51/libgcc.a(_clear_bss.o)
                              thermo3_skel.o (__do_clear_bss)
/opt/avr8-gnu-toolchain-linux_x86_64/bin/../lib/gcc/avr/7.3.0/avr51/libgcc.a(_udivmodhi4.o)
                              /opt/avr8-gnu-toolchain-linux_x86_64/bin/../lib/gcc/avr/7.3.0/avr51/libgcc.a(_divmodhi4.o) (__udivmodhi4)
/opt/avr8-gnu-toolchain-linux_x86_64/bin/../lib/gcc/avr/7.3.0/avr51/libgcc.a(_udivmodsi4.o)
                              /opt/avr8-gnu-toolchain-linux_x86_64/bin/../lib/gcc/avr/7.3.0/avr51/libgcc.a(_divmodsi4.o) (__udivmodsi4)
/opt/avr8-gnu-toolchain-linux_x86_64/bin/../lib/gcc/avr/7.3.0/../../../../avr/lib/avr51/libc.a(itoa_ncheck.o)
                              thermo3_skel.o (__itoa_ncheck)
/opt/avr8-gnu-toolchain-linux_x86_64/bin/../lib/gcc/avr/7.3.0/../../../../avr/lib/avr51/libc.a(utoa_ncheck.o)
                              /opt/avr8-gnu-toolchain-linux_x86_64/bin/../lib/gcc/avr/7.3.0/../../../../avr/lib/avr51/libc.a(itoa_ncheck.o) (__utoa_common)
/opt/avr8-gnu-toolchain-linux_x86_64/bin/../lib/gcc/avr/7.3.0/../../../../avr/lib/avr51/libc.a(strrev.o)
                              /opt/avr8-gnu-toolchain-linux_x86_64/bin/../lib/gcc/avr/7.3.0/../../../../avr/lib/avr51/libc.a(utoa_ncheck.o) (strrev)

Allocating common symbols
Common symbol       size              file

twi_state           0x1               twi_master.o
twi_buf             0x2               twi_master.o
lcd_string_array    0x20              hd44780.o
lm73_wr_buf         0x2               lm73_functions.o
twi_bus_addr        0x1               twi_master.o
i                   0x1               thermo3_skel.o
lcd_str             0x10              hd44780.o
twi_msg_size        0x1               twi_master.o
lm73_rd_buf         0x2               lm73_functions.o

Memory Configuration

Name             Origin             Length             Attributes
text             0x0000000000000000 0x0000000000020000 xr
data             0x0000000000800100 0x0000000000001000 rw !x
eeprom           0x0000000000810000 0x0000000000001000 rw !x
fuse             0x0000000000820000 0x0000000000000003 rw !x
lock             0x0000000000830000 0x0000000000000400 rw !x
signature        0x0000000000840000 0x0000000000000400 rw !x
user_signatures  0x0000000000850000 0x0000000000000400 rw !x
*default*        0x0000000000000000 0xffffffffffffffff

Linker script and memory map

Address of section .data set to 0x800100
LOAD /opt/avr8-gnu-toolchain-linux_x86_64/bin/../lib/gcc/avr/7.3.0/../../../../avr/lib/avr51/crtatmega128.o
LOAD thermo3_skel.o
LOAD hd44780.o
LOAD lm73_functions.o
LOAD twi_master.o
START GROUP
LOAD /opt/avr8-gnu-toolchain-linux_x86_64/bin/../lib/gcc/avr/7.3.0/avr51/libgcc.a
LOAD /opt/avr8-gnu-toolchain-linux_x86_64/bin/../lib/gcc/avr/7.3.0/../../../../avr/lib/avr51/libm.a
LOAD /opt/avr8-gnu-toolchain-linux_x86_64/bin/../lib/gcc/avr/7.3.0/../../../../avr/lib/avr51/libc.a
LOAD /opt/avr8-gnu-toolchain-linux_x86_64/bin/../lib/gcc/avr/7.3.0/../../../../avr/lib/avr51/libatmega128.a
END GROUP
                0x0000000000000000                __TEXT_REGION_ORIGIN__ = DEFINED (__TEXT_REGION_ORIGIN__)?__TEXT_REGION_ORIGIN__:0x0
                [0x0000000000800100]                __DATA_REGION_ORIGIN__ = DEFINED (__DATA_REGION_ORIGIN__)?__DATA_REGION_ORIGIN__:0x800100
                [0x0000000000020000]                __TEXT_REGION_LENGTH__ = DEFINED (__TEXT_REGION_LENGTH__)?__TEXT_REGION_LENGTH__:0x20000
                [0x0000000000001000]                __DATA_REGION_LENGTH__ = DEFINED (__DATA_REGION_LENGTH__)?__DATA_REGION_LENGTH__:0xff00
                [0x0000000000001000]                __EEPROM_REGION_LENGTH__ = DEFINED (__EEPROM_REGION_LENGTH__)?__EEPROM_REGION_LENGTH__:0x10000
                [0x0000000000000003]                __FUSE_REGION_LENGTH__ = DEFINED (__FUSE_REGION_LENGTH__)?__FUSE_REGION_LENGTH__:0x400
                0x0000000000000400                __LOCK_REGION_LENGTH__ = DEFINED (__LOCK_REGION_LENGTH__)?__LOCK_REGION_LENGTH__:0x400
                0x0000000000000400                __SIGNATURE_REGION_LENGTH__ = DEFINED (__SIGNATURE_REGION_LENGTH__)?__SIGNATURE_REGION_LENGTH__:0x400
                0x0000000000000400                __USER_SIGNATURE_REGION_LENGTH__ = DEFINED (__USER_SIGNATURE_REGION_LENGTH__)?__USER_SIGNATURE_REGION_LENGTH__:0x400

.hash
 *(.hash)

.dynsym
 *(.dynsym)

.dynstr
 *(.dynstr)

.gnu.version
 *(.gnu.version)

.gnu.version_d
 *(.gnu.version_d)

.gnu.version_r
 *(.gnu.version_r)

.rel.init
 *(.rel.init)

.rela.init
 *(.rela.init)

.rel.text
 *(.rel.text)
 *(.rel.text.*)
 *(.rel.gnu.linkonce.t*)

.rela.text
 *(.rela.text)
 *(.rela.text.*)
 *(.rela.gnu.linkonce.t*)

.rel.fini
 *(.rel.fini)

.rela.fini
 *(.rela.fini)

.rel.rodata
 *(.rel.rodata)
 *(.rel.rodata.*)
 *(.rel.gnu.linkonce.r*)

.rela.rodata
 *(.rela.rodata)
 *(.rela.rodata.*)
 *(.rela.gnu.linkonce.r*)

.rel.data
 *(.rel.data)
 *(.rel.data.*)
 *(.rel.gnu.linkonce.d*)

.rela.data
 *(.rela.data)
 *(.rela.data.*)
 *(.rela.gnu.linkonce.d*)

.rel.ctors
 *(.rel.ctors)

.rela.ctors
 *(.rela.ctors)

.rel.dtors
 *(.rel.dtors)

.rela.dtors
 *(.rela.dtors)

.rel.got
 *(.rel.got)

.rela.got
 *(.rela.got)

.rel.bss
 *(.rel.bss)

.rela.bss
 *(.rela.bss)

.rel.plt
 *(.rel.plt)

.rela.plt
 *(.rela.plt)

.text           0x0000000000000000      0xe26
 *(.vectors)
 .vectors       0x0000000000000000       0x8c /opt/avr8-gnu-toolchain-linux_x86_64/bin/../lib/gcc/avr/7.3.0/../../../../avr/lib/avr51/crtatmega128.o
                0x0000000000000000                __vectors
                0x0000000000000000                __vector_default
 *(.vectors)
 *(.progmem.gcc*)
                0x000000000000008c                . = ALIGN (0x2)
                0x000000000000008c                __trampolines_start = .
 *(.trampolines)
 .trampolines   0x000000000000008c        0x0 linker stubs
 *(.trampolines*)
                0x000000000000008c                __trampolines_end = .
 *libprintf_flt.a:*(.progmem.data)
 *libc.a:*(.progmem.data)
 *(.progmem*)
                0x000000000000008c                . = ALIGN (0x2)
 *(.jumptables)
 *(.jumptables*)
 *(.lowtext)
 *(.lowtext*)
                0x000000000000008c                __ctors_start = .
 *(.ctors)
                0x000000000000008c                __ctors_end = .
                0x000000000000008c                __dtors_start = .
 *(.dtors)
                0x000000000000008c                __dtors_end = .
 SORT(*)(.ctors)
 SORT(*)(.dtors)
 *(.init0)
 .init0         0x000000000000008c        0x0 /opt/avr8-gnu-toolchain-linux_x86_64/bin/../lib/gcc/avr/7.3.0/../../../../avr/lib/avr51/crtatmega128.o
                0x000000000000008c                __init
 *(.init0)
 *(.init1)
 *(.init1)
 *(.init2)
 .init2         0x000000000000008c        0xc /opt/avr8-gnu-toolchain-linux_x86_64/bin/../lib/gcc/avr/7.3.0/../../../../avr/lib/avr51/crtatmega128.o
 *(.init2)
 *(.init3)
 *(.init3)
 *(.init4)
 .init4         0x0000000000000098       0x10 /opt/avr8-gnu-toolchain-linux_x86_64/bin/../lib/gcc/avr/7.3.0/avr51/libgcc.a(_clear_bss.o)
                0x0000000000000098                __do_clear_bss
 *(.init4)
 *(.init5)
 *(.init5)
 *(.init6)
 *(.init6)
 *(.init7)
 *(.init7)
 *(.init8)
 *(.init8)
 *(.init9)
 .init9         0x00000000000000a8        0x8 /opt/avr8-gnu-toolchain-linux_x86_64/bin/../lib/gcc/avr/7.3.0/../../../../avr/lib/avr51/crtatmega128.o
 *(.init9)
 *(.text)
 .text          0x00000000000000b0        0x4 /opt/avr8-gnu-toolchain-linux_x86_64/bin/../lib/gcc/avr/7.3.0/../../../../avr/lib/avr51/crtatmega128.o
                0x00000000000000b0                __vector_22
                0x00000000000000b0                __vector_28
                0x00000000000000b0                __vector_1
                0x00000000000000b0                __vector_32
                0x00000000000000b0                __vector_34
                0x00000000000000b0                __vector_24
                0x00000000000000b0                __vector_12
                0x00000000000000b0                __bad_interrupt
                0x00000000000000b0                __vector_6
                0x00000000000000b0                __vector_31
                0x00000000000000b0                __vector_3
                0x00000000000000b0                __vector_23
                0x00000000000000b0                __vector_30
                0x00000000000000b0                __vector_25
                0x00000000000000b0                __vector_11
                0x00000000000000b0                __vector_13
                0x00000000000000b0                __vector_17
                0x00000000000000b0                __vector_19
                0x00000000000000b0                __vector_7
                0x00000000000000b0                __vector_27
                0x00000000000000b0                __vector_5
                0x00000000000000b0                __vector_4
                0x00000000000000b0                __vector_9
                0x00000000000000b0                __vector_2
                0x00000000000000b0                __vector_21
                0x00000000000000b0                __vector_15
                0x00000000000000b0                __vector_29
                0x00000000000000b0                __vector_8
                0x00000000000000b0                __vector_26
                0x00000000000000b0                __vector_14
                0x00000000000000b0                __vector_10
                0x00000000000000b0                __vector_16
                0x00000000000000b0                __vector_18
                0x00000000000000b0                __vector_20
 .text          0x00000000000000b4       0x10 thermo3_skel.o
                0x00000000000000b4                spi_init
 .text          0x00000000000000c4      0x976 hd44780.o
                0x00000000000000c4                send_lcd
                0x00000000000000ee                refresh_lcd
                0x0000000000000190                set_custom_character
                0x00000000000001fc                set_cursor
                0x000000000000022c                uint2lcd
                0x0000000000000304                int2lcd
                0x000000000000033e                cursor_on
                0x0000000000000362                cursor_off
                0x0000000000000386                shift_right
                0x00000000000003aa                shift_left
                0x00000000000003ce                strobe_lcd
                0x00000000000003e0                clear_display
                0x0000000000000410                cursor_home
                0x0000000000000440                line2_col1
                0x0000000000000464                line1_col1
                0x0000000000000488                fill_spaces
                0x00000000000004bc                char2lcd
                0x00000000000004e0                string2lcd
                0x000000000000053a                lcd_init
                0x00000000000006be                lcd_int32
                0x0000000000000876                lcd_int16
 .text          0x0000000000000a3a        0x0 lm73_functions.o
 .text          0x0000000000000a3a      0x20e twi_master.o
                0x0000000000000a3a                __vector_33
                0x0000000000000bea                twi_busy
                0x0000000000000bf2                twi_start_wr
                0x0000000000000c14                twi_start_rd
                0x0000000000000c36                init_twi
 .text          0x0000000000000c48        0x0 /opt/avr8-gnu-toolchain-linux_x86_64/bin/../lib/gcc/avr/7.3.0/avr51/libgcc.a(_divmodhi4.o)
 .text          0x0000000000000c48        0x0 /opt/avr8-gnu-toolchain-linux_x86_64/bin/../lib/gcc/avr/7.3.0/avr51/libgcc.a(_divmodsi4.o)
 .text          0x0000000000000c48        0x0 /opt/avr8-gnu-toolchain-linux_x86_64/bin/../lib/gcc/avr/7.3.0/avr51/libgcc.a(_negsi2.o)
 .text          0x0000000000000c48        0x0 /opt/avr8-gnu-toolchain-linux_x86_64/bin/../lib/gcc/avr/7.3.0/avr51/libgcc.a(_exit.o)
 .text          0x0000000000000c48        0x0 /opt/avr8-gnu-toolchain-linux_x86_64/bin/../lib/gcc/avr/7.3.0/avr51/libgcc.a(_tablejump2.o)
 .text          0x0000000000000c48        0x0 /opt/avr8-gnu-toolchain-linux_x86_64/bin/../lib/gcc/avr/7.3.0/avr51/libgcc.a(_clear_bss.o)
 .text          0x0000000000000c48        0x0 /opt/avr8-gnu-toolchain-linux_x86_64/bin/../lib/gcc/avr/7.3.0/avr51/libgcc.a(_udivmodhi4.o)
 .text          0x0000000000000c48        0x0 /opt/avr8-gnu-toolchain-linux_x86_64/bin/../lib/gcc/avr/7.3.0/avr51/libgcc.a(_udivmodsi4.o)
 .text          0x0000000000000c48        0x0 /opt/avr8-gnu-toolchain-linux_x86_64/bin/../lib/gcc/avr/7.3.0/../../../../avr/lib/avr51/libc.a(itoa_ncheck.o)
 .text          0x0000000000000c48        0x0 /opt/avr8-gnu-toolchain-linux_x86_64/bin/../lib/gcc/avr/7.3.0/../../../../avr/lib/avr51/libc.a(utoa_ncheck.o)
 .text          0x0000000000000c48        0x0 /opt/avr8-gnu-toolchain-linux_x86_64/bin/../lib/gcc/avr/7.3.0/../../../../avr/lib/avr51/libc.a(strrev.o)
                0x0000000000000c48                . = ALIGN (0x2)
 *(.text.*)
 .text.startup  0x0000000000000c48       0x8c thermo3_skel.o
                0x0000000000000c48                main
 .text.libgcc.mul
                0x0000000000000cd4        0x0 /opt/avr8-gnu-toolchain-linux_x86_64/bin/../lib/gcc/avr/7.3.0/avr51/libgcc.a(_divmodhi4.o)
 .text.libgcc.div
                0x0000000000000cd4       0x28 /opt/avr8-gnu-toolchain-linux_x86_64/bin/../lib/gcc/avr/7.3.0/avr51/libgcc.a(_divmodhi4.o)
                0x0000000000000cd4                __divmodhi4
                0x0000000000000cd4                _div
 .text.libgcc   0x0000000000000cfc        0x0 /opt/avr8-gnu-toolchain-linux_x86_64/bin/../lib/gcc/avr/7.3.0/avr51/libgcc.a(_divmodhi4.o)
 .text.libgcc.prologue
                0x0000000000000cfc        0x0 /opt/avr8-gnu-toolchain-linux_x86_64/bin/../lib/gcc/avr/7.3.0/avr51/libgcc.a(_divmodhi4.o)
 .text.libgcc.builtins
                0x0000000000000cfc        0x0 /opt/avr8-gnu-toolchain-linux_x86_64/bin/../lib/gcc/avr/7.3.0/avr51/libgcc.a(_divmodhi4.o)
 .text.libgcc.fmul
                0x0000000000000cfc        0x0 /opt/avr8-gnu-toolchain-linux_x86_64/bin/../lib/gcc/avr/7.3.0/avr51/libgcc.a(_divmodhi4.o)
 .text.libgcc.fixed
                0x0000000000000cfc        0x0 /opt/avr8-gnu-toolchain-linux_x86_64/bin/../lib/gcc/avr/7.3.0/avr51/libgcc.a(_divmodhi4.o)
 .text.libgcc.mul
                0x0000000000000cfc        0x0 /opt/avr8-gnu-toolchain-linux_x86_64/bin/../lib/gcc/avr/7.3.0/avr51/libgcc.a(_divmodsi4.o)
 .text.libgcc.div
                0x0000000000000cfc       0x2e /opt/avr8-gnu-toolchain-linux_x86_64/bin/../lib/gcc/avr/7.3.0/avr51/libgcc.a(_divmodsi4.o)
                0x0000000000000cfc                __divmodsi4
 .text.libgcc   0x0000000000000d2a        0x0 /opt/avr8-gnu-toolchain-linux_x86_64/bin/../lib/gcc/avr/7.3.0/avr51/libgcc.a(_divmodsi4.o)
 .text.libgcc.prologue
                0x0000000000000d2a        0x0 /opt/avr8-gnu-toolchain-linux_x86_64/bin/../lib/gcc/avr/7.3.0/avr51/libgcc.a(_divmodsi4.o)
 .text.libgcc.builtins
                0x0000000000000d2a        0x0 /opt/avr8-gnu-toolchain-linux_x86_64/bin/../lib/gcc/avr/7.3.0/avr51/libgcc.a(_divmodsi4.o)
 .text.libgcc.fmul
                0x0000000000000d2a        0x0 /opt/avr8-gnu-toolchain-linux_x86_64/bin/../lib/gcc/avr/7.3.0/avr51/libgcc.a(_divmodsi4.o)
 .text.libgcc.fixed
                0x0000000000000d2a        0x0 /opt/avr8-gnu-toolchain-linux_x86_64/bin/../lib/gcc/avr/7.3.0/avr51/libgcc.a(_divmodsi4.o)
 .text.libgcc.mul
                0x0000000000000d2a        0x0 /opt/avr8-gnu-toolchain-linux_x86_64/bin/../lib/gcc/avr/7.3.0/avr51/libgcc.a(_negsi2.o)
 .text.libgcc.div
                0x0000000000000d2a       0x10 /opt/avr8-gnu-toolchain-linux_x86_64/bin/../lib/gcc/avr/7.3.0/avr51/libgcc.a(_negsi2.o)
                0x0000000000000d2a                __negsi2
 .text.libgcc   0x0000000000000d3a        0x0 /opt/avr8-gnu-toolchain-linux_x86_64/bin/../lib/gcc/avr/7.3.0/avr51/libgcc.a(_negsi2.o)
 .text.libgcc.prologue
                0x0000000000000d3a        0x0 /opt/avr8-gnu-toolchain-linux_x86_64/bin/../lib/gcc/avr/7.3.0/avr51/libgcc.a(_negsi2.o)
 .text.libgcc.builtins
                0x0000000000000d3a        0x0 /opt/avr8-gnu-toolchain-linux_x86_64/bin/../lib/gcc/avr/7.3.0/avr51/libgcc.a(_negsi2.o)
 .text.libgcc.fmul
                0x0000000000000d3a        0x0 /opt/avr8-gnu-toolchain-linux_x86_64/bin/../lib/gcc/avr/7.3.0/avr51/libgcc.a(_negsi2.o)
 .text.libgcc.fixed
                0x0000000000000d3a        0x0 /opt/avr8-gnu-toolchain-linux_x86_64/bin/../lib/gcc/avr/7.3.0/avr51/libgcc.a(_negsi2.o)
 .text.libgcc.mul
                0x0000000000000d3a        0x0 /opt/avr8-gnu-toolchain-linux_x86_64/bin/../lib/gcc/avr/7.3.0/avr51/libgcc.a(_exit.o)
 .text.libgcc.div
                0x0000000000000d3a        0x0 /opt/avr8-gnu-toolchain-linux_x86_64/bin/../lib/gcc/avr/7.3.0/avr51/libgcc.a(_exit.o)
 .text.libgcc   0x0000000000000d3a        0x0 /opt/avr8-gnu-toolchain-linux_x86_64/bin/../lib/gcc/avr/7.3.0/avr51/libgcc.a(_exit.o)
 .text.libgcc.prologue
                0x0000000000000d3a        0x0 /opt/avr8-gnu-toolchain-linux_x86_64/bin/../lib/gcc/avr/7.3.0/avr51/libgcc.a(_exit.o)
 .text.libgcc.builtins
                0x0000000000000d3a        0x0 /opt/avr8-gnu-toolchain-linux_x86_64/bin/../lib/gcc/avr/7.3.0/avr51/libgcc.a(_exit.o)
 .text.libgcc.fmul
                0x0000000000000d3a        0x0 /opt/avr8-gnu-toolchain-linux_x86_64/bin/../lib/gcc/avr/7.3.0/avr51/libgcc.a(_exit.o)
 .text.libgcc.fixed
                0x0000000000000d3a        0x0 /opt/avr8-gnu-toolchain-linux_x86_64/bin/../lib/gcc/avr/7.3.0/avr51/libgcc.a(_exit.o)
 .text.libgcc.mul
                0x0000000000000d3a        0x0 /opt/avr8-gnu-toolchain-linux_x86_64/bin/../lib/gcc/avr/7.3.0/avr51/libgcc.a(_tablejump2.o)
 .text.libgcc.div
                0x0000000000000d3a        0x0 /opt/avr8-gnu-toolchain-linux_x86_64/bin/../lib/gcc/avr/7.3.0/avr51/libgcc.a(_tablejump2.o)
 .text.libgcc   0x0000000000000d3a       0x12 /opt/avr8-gnu-toolchain-linux_x86_64/bin/../lib/gcc/avr/7.3.0/avr51/libgcc.a(_tablejump2.o)
                0x0000000000000d3a                __tablejump2__
 .text.libgcc.prologue
                0x0000000000000d4c        0x0 /opt/avr8-gnu-toolchain-linux_x86_64/bin/../lib/gcc/avr/7.3.0/avr51/libgcc.a(_tablejump2.o)
 .text.libgcc.builtins
                0x0000000000000d4c        0x0 /opt/avr8-gnu-toolchain-linux_x86_64/bin/../lib/gcc/avr/7.3.0/avr51/libgcc.a(_tablejump2.o)
 .text.libgcc.fmul
                0x0000000000000d4c        0x0 /opt/avr8-gnu-toolchain-linux_x86_64/bin/../lib/gcc/avr/7.3.0/avr51/libgcc.a(_tablejump2.o)
 .text.libgcc.fixed
                0x0000000000000d4c        0x0 /opt/avr8-gnu-toolchain-linux_x86_64/bin/../lib/gcc/avr/7.3.0/avr51/libgcc.a(_tablejump2.o)
 .text.libgcc.mul
                0x0000000000000d4c        0x0 /opt/avr8-gnu-toolchain-linux_x86_64/bin/../lib/gcc/avr/7.3.0/avr51/libgcc.a(_clear_bss.o)
 .text.libgcc.div
                0x0000000000000d4c        0x0 /opt/avr8-gnu-toolchain-linux_x86_64/bin/../lib/gcc/avr/7.3.0/avr51/libgcc.a(_clear_bss.o)
 .text.libgcc   0x0000000000000d4c        0x0 /opt/avr8-gnu-toolchain-linux_x86_64/bin/../lib/gcc/avr/7.3.0/avr51/libgcc.a(_clear_bss.o)
 .text.libgcc.prologue
                0x0000000000000d4c        0x0 /opt/avr8-gnu-toolchain-linux_x86_64/bin/../lib/gcc/avr/7.3.0/avr51/libgcc.a(_clear_bss.o)
 .text.libgcc.builtins
                0x0000000000000d4c        0x0 /opt/avr8-gnu-toolchain-linux_x86_64/bin/../lib/gcc/avr/7.3.0/avr51/libgcc.a(_clear_bss.o)
 .text.libgcc.fmul
                0x0000000000000d4c        0x0 /opt/avr8-gnu-toolchain-linux_x86_64/bin/../lib/gcc/avr/7.3.0/avr51/libgcc.a(_clear_bss.o)
 .text.libgcc.fixed
                0x0000000000000d4c        0x0 /opt/avr8-gnu-toolchain-linux_x86_64/bin/../lib/gcc/avr/7.3.0/avr51/libgcc.a(_clear_bss.o)
 .text.libgcc.mul
                0x0000000000000d4c        0x0 /opt/avr8-gnu-toolchain-linux_x86_64/bin/../lib/gcc/avr/7.3.0/avr51/libgcc.a(_udivmodhi4.o)
 .text.libgcc.div
                0x0000000000000d4c       0x28 /opt/avr8-gnu-toolchain-linux_x86_64/bin/../lib/gcc/avr/7.3.0/avr51/libgcc.a(_udivmodhi4.o)
                0x0000000000000d4c                __udivmodhi4
 .text.libgcc   0x0000000000000d74        0x0 /opt/avr8-gnu-toolchain-linux_x86_64/bin/../lib/gcc/avr/7.3.0/avr51/libgcc.a(_udivmodhi4.o)
 .text.libgcc.prologue
                0x0000000000000d74        0x0 /opt/avr8-gnu-toolchain-linux_x86_64/bin/../lib/gcc/avr/7.3.0/avr51/libgcc.a(_udivmodhi4.o)
 .text.libgcc.builtins
                0x0000000000000d74        0x0 /opt/avr8-gnu-toolchain-linux_x86_64/bin/../lib/gcc/avr/7.3.0/avr51/libgcc.a(_udivmodhi4.o)
 .text.libgcc.fmul
                0x0000000000000d74        0x0 /opt/avr8-gnu-toolchain-linux_x86_64/bin/../lib/gcc/avr/7.3.0/avr51/libgcc.a(_udivmodhi4.o)
 .text.libgcc.fixed
                0x0000000000000d74        0x0 /opt/avr8-gnu-toolchain-linux_x86_64/bin/../lib/gcc/avr/7.3.0/avr51/libgcc.a(_udivmodhi4.o)
 .text.libgcc.mul
                0x0000000000000d74        0x0 /opt/avr8-gnu-toolchain-linux_x86_64/bin/../lib/gcc/avr/7.3.0/avr51/libgcc.a(_udivmodsi4.o)
 .text.libgcc.div
                0x0000000000000d74       0x44 /opt/avr8-gnu-toolchain-linux_x86_64/bin/../lib/gcc/avr/7.3.0/avr51/libgcc.a(_udivmodsi4.o)
                0x0000000000000d74                __udivmodsi4
 .text.libgcc   0x0000000000000db8        0x0 /opt/avr8-gnu-toolchain-linux_x86_64/bin/../lib/gcc/avr/7.3.0/avr51/libgcc.a(_udivmodsi4.o)
 .text.libgcc.prologue
                0x0000000000000db8        0x0 /opt/avr8-gnu-toolchain-linux_x86_64/bin/../lib/gcc/avr/7.3.0/avr51/libgcc.a(_udivmodsi4.o)
 .text.libgcc.builtins
                0x0000000000000db8        0x0 /opt/avr8-gnu-toolchain-linux_x86_64/bin/../lib/gcc/avr/7.3.0/avr51/libgcc.a(_udivmodsi4.o)
 .text.libgcc.fmul
                0x0000000000000db8        0x0 /opt/avr8-gnu-toolchain-linux_x86_64/bin/../lib/gcc/avr/7.3.0/avr51/libgcc.a(_udivmodsi4.o)
 .text.libgcc.fixed
                0x0000000000000db8        0x0 /opt/avr8-gnu-toolchain-linux_x86_64/bin/../lib/gcc/avr/7.3.0/avr51/libgcc.a(_udivmodsi4.o)
 .text.avr-libc
                0x0000000000000db8       0x16 /opt/avr8-gnu-toolchain-linux_x86_64/bin/../lib/gcc/avr/7.3.0/../../../../avr/lib/avr51/libc.a(itoa_ncheck.o)
                0x0000000000000db8                __itoa_ncheck
 .text.avr-libc
                0x0000000000000dce       0x34 /opt/avr8-gnu-toolchain-linux_x86_64/bin/../lib/gcc/avr/7.3.0/../../../../avr/lib/avr51/libc.a(utoa_ncheck.o)
                0x0000000000000dce                __utoa_ncheck
                0x0000000000000dd0                __utoa_common
 .text.avr-libc
                0x0000000000000e02       0x20 /opt/avr8-gnu-toolchain-linux_x86_64/bin/../lib/gcc/avr/7.3.0/../../../../avr/lib/avr51/libc.a(strrev.o)
                0x0000000000000e02                strrev
                0x0000000000000e22                . = ALIGN (0x2)
 *(.fini9)
 .fini9         0x0000000000000e22        0x0 /opt/avr8-gnu-toolchain-linux_x86_64/bin/../lib/gcc/avr/7.3.0/avr51/libgcc.a(_exit.o)
                0x0000000000000e22                exit
                0x0000000000000e22                _exit
 *(.fini9)
 *(.fini8)
 *(.fini8)
 *(.fini7)
 *(.fini7)
 *(.fini6)
 *(.fini6)
 *(.fini5)
 *(.fini5)
 *(.fini4)
 *(.fini4)
 *(.fini3)
 *(.fini3)
 *(.fini2)
 *(.fini2)
 *(.fini1)
 *(.fini1)
 *(.fini0)
 .fini0         0x0000000000000e22        0x4 /opt/avr8-gnu-toolchain-linux_x86_64/bin/../lib/gcc/avr/7.3.0/avr51/libgcc.a(_exit.o)
 *(.fini0)
                0x0000000000000e26                _etext = .

.data           0x0000000000800100        0x0 load address 0x0000000000000e26
                [!provide]                        PROVIDE (__data_start, .)
 *(.data)
 .data          0x0000000000800100        0x0 /opt/avr8-gnu-toolchain-linux_x86_64/bin/../lib/gcc/avr/7.3.0/../../../../avr/lib/avr51/crtatmega128.o
 .data          0x0000000000800100        0x0 thermo3_skel.o
 .data          0x0000000000800100        0x0 hd44780.o
 .data          0x0000000000800100        0x0 lm73_functions.o
 .data          0x0000000000800100        0x0 twi_master.o
 .data          0x0000000000800100        0x0 /opt/avr8-gnu-toolchain-linux_x86_64/bin/../lib/gcc/avr/7.3.0/avr51/libgcc.a(_divmodhi4.o)
 .data          0x0000000000800100        0x0 /opt/avr8-gnu-toolchain-linux_x86_64/bin/../lib/gcc/avr/7.3.0/avr51/libgcc.a(_divmodsi4.o)
 .data          0x0000000000800100        0x0 /opt/avr8-gnu-toolchain-linux_x86_64/bin/../lib/gcc/avr/7.3.0/avr51/libgcc.a(_negsi2.o)
 .data          0x0000000000800100        0x0 /opt/avr8-gnu-toolchain-linux_x86_64/bin/../lib/gcc/avr/7.3.0/avr51/libgcc.a(_exit.o)
 .data          0x0000000000800100        0x0 /opt/avr8-gnu-toolchain-linux_x86_64/bin/../lib/gcc/avr/7.3.0/avr51/libgcc.a(_tablejump2.o)
 .data          0x0000000000800100        0x0 /opt/avr8-gnu-toolchain-linux_x86_64/bin/../lib/gcc/avr/7.3.0/avr51/libgcc.a(_clear_bss.o)
 .data          0x0000000000800100        0x0 /opt/avr8-gnu-toolchain-linux_x86_64/bin/../lib/gcc/avr/7.3.0/avr51/libgcc.a(_udivmodhi4.o)
 .data          0x0000000000800100        0x0 /opt/avr8-gnu-toolchain-linux_x86_64/bin/../lib/gcc/avr/7.3.0/avr51/libgcc.a(_udivmodsi4.o)
 .data          0x0000000000800100        0x0 /opt/avr8-gnu-toolchain-linux_x86_64/bin/../lib/gcc/avr/7.3.0/../../../../avr/lib/avr51/libc.a(itoa_ncheck.o)
 .data          0x0000000000800100        0x0 /opt/avr8-gnu-toolchain-linux_x86_64/bin/../lib/gcc/avr/7.3.0/../../../../avr/lib/avr51/libc.a(utoa_ncheck.o)
 .data          0x0000000000800100        0x0 /opt/avr8-gnu-toolchain-linux_x86_64/bin/../lib/gcc/avr/7.3.0/../../../../avr/lib/avr51/libc.a(strrev.o)
 *(.data*)
 *(.gnu.linkonce.d*)
 *(.rodata)
 *(.rodata*)
 *(.gnu.linkonce.r*)
                0x0000000000800100                . = ALIGN (0x2)
                0x0000000000800100                _edata = .
                [!provide]                        PROVIDE (__data_end, .)

.bss            0x0000000000800100       0x3c
                0x0000000000800100                PROVIDE (__bss_start, .)
 *(.bss)
 .bss           0x0000000000800100        0x0 /opt/avr8-gnu-toolchain-linux_x86_64/bin/../lib/gcc/avr/7.3.0/../../../../avr/lib/avr51/crtatmega128.o
 .bss           0x0000000000800100        0x0 thermo3_skel.o
 .bss           0x0000000000800100        0x1 hd44780.o
 .bss           0x0000000000800101        0x0 lm73_functions.o
 .bss           0x0000000000800101        0x1 twi_master.o
 .bss           0x0000000000800102        0x0 /opt/avr8-gnu-toolchain-linux_x86_64/bin/../lib/gcc/avr/7.3.0/avr51/libgcc.a(_divmodhi4.o)
 .bss           0x0000000000800102        0x0 /opt/avr8-gnu-toolchain-linux_x86_64/bin/../lib/gcc/avr/7.3.0/avr51/libgcc.a(_divmodsi4.o)
 .bss           0x0000000000800102        0x0 /opt/avr8-gnu-toolchain-linux_x86_64/bin/../lib/gcc/avr/7.3.0/avr51/libgcc.a(_negsi2.o)
 .bss           0x0000000000800102        0x0 /opt/avr8-gnu-toolchain-linux_x86_64/bin/../lib/gcc/avr/7.3.0/avr51/libgcc.a(_exit.o)
 .bss           0x0000000000800102        0x0 /opt/avr8-gnu-toolchain-linux_x86_64/bin/../lib/gcc/avr/7.3.0/avr51/libgcc.a(_tablejump2.o)
 .bss           0x0000000000800102        0x0 /opt/avr8-gnu-toolchain-linux_x86_64/bin/../lib/gcc/avr/7.3.0/avr51/libgcc.a(_clear_bss.o)
 .bss           0x0000000000800102        0x0 /opt/avr8-gnu-toolchain-linux_x86_64/bin/../lib/gcc/avr/7.3.0/avr51/libgcc.a(_udivmodhi4.o)
 .bss           0x0000000000800102        0x0 /opt/avr8-gnu-toolchain-linux_x86_64/bin/../lib/gcc/avr/7.3.0/avr51/libgcc.a(_udivmodsi4.o)
 .bss           0x0000000000800102        0x0 /opt/avr8-gnu-toolchain-linux_x86_64/bin/../lib/gcc/avr/7.3.0/../../../../avr/lib/avr51/libc.a(itoa_ncheck.o)
 .bss           0x0000000000800102        0x0 /opt/avr8-gnu-toolchain-linux_x86_64/bin/../lib/gcc/avr/7.3.0/../../../../avr/lib/avr51/libc.a(utoa_ncheck.o)
 .bss           0x0000000000800102        0x0 /opt/avr8-gnu-toolchain-linux_x86_64/bin/../lib/gcc/avr/7.3.0/../../../../avr/lib/avr51/libc.a(strrev.o)
 *(.bss*)
 *(COMMON)
 COMMON         0x0000000000800102        0x1 thermo3_skel.o
                0x0000000000800102                i
 COMMON         0x0000000000800103       0x30 hd44780.o
                0x0000000000800103                lcd_string_array
                0x0000000000800123                lcd_str
 COMMON         0x0000000000800133        0x4 lm73_functions.o
                0x0000000000800133                lm73_wr_buf
                0x0000000000800135                lm73_rd_buf
 COMMON         0x0000000000800137        0x5 twi_master.o
                0x0000000000800137                twi_state
                0x0000000000800138                twi_buf
                0x000000000080013a                twi_bus_addr
                0x000000000080013b                twi_msg_size
                0x000000000080013c                PROVIDE (__bss_end, .)
                0x0000000000000e26                __data_load_start = LOADADDR (.data)
                0x0000000000000e26                __data_load_end = (__data_load_start + SIZEOF (.data))

.noinit         0x000000000080013c        0x0
                [!provide]                        PROVIDE (__noinit_start, .)
 *(.noinit*)
                [!provide]                        PROVIDE (__noinit_end, .)
                0x000000000080013c                _end = .
                [!provide]                        PROVIDE (__heap_start, .)

.eeprom         0x0000000000810000        0x0
 *(.eeprom*)
                0x0000000000810000                __eeprom_end = .

.fuse
 *(.fuse)
 *(.lfuse)
 *(.hfuse)
 *(.efuse)

.lock
 *(.lock*)

.signature
 *(.signature*)

.user_signatures
 *(.user_signatures*)

.stab
 *(.stab)

.stabstr
 *(.stabstr)

.stab.excl
 *(.stab.excl)

.stab.exclstr
 *(.stab.exclstr)

.stab.index
 *(.stab.index)

.stab.indexstr
 *(.stab.indexstr)

.comment        0x0000000000000000       0x30
 *(.comment)
 .comment       0x0000000000000000       0x30 thermo3_skel.o
                                         0x31 (size before relaxing)
 .comment       0x0000000000000030       0x31 hd44780.o
 .comment       0x0000000000000030       0x31 lm73_functions.o
 .comment       0x0000000000000030       0x31 twi_master.o

.note.gnu.avr.deviceinfo
                0x0000000000000000       0x3c
 .note.gnu.avr.deviceinfo
                0x0000000000000000       0x3c /opt/avr8-gnu-toolchain-linux_x86_64/bin/../lib/gcc/avr/7.3.0/../../../../avr/lib/avr51/crtatmega128.o

.avr.prop       0x0000000000000000       0x16
 .avr.prop      0x0000000000000000       0x16 twi_master.o

.note.gnu.build-id
 *(.note.gnu.build-id)

.debug
 *(.debug)

.line
 *(.line)

.debug_srcinfo
 *(.debug_srcinfo)

.debug_sfnames
 *(.debug_sfnames)

.debug_aranges  0x0000000000000000       0x80
 *(.debug_aranges)
 .debug_aranges
                0x0000000000000000       0x28 thermo3_skel.o
 .debug_aranges
                0x0000000000000028       0x20 hd44780.o
 .debug_aranges
                0x0000000000000048       0x18 lm73_functions.o
 .debug_aranges
                0x0000000000000060       0x20 twi_master.o

.debug_pubnames
 *(.debug_pubnames)

.debug_info     0x0000000000000000     0x2088
 *(.debug_info .gnu.linkonce.wi.*)
 .debug_info    0x0000000000000000      0x780 /opt/avr8-gnu-toolchain-linux_x86_64/bin/../lib/gcc/avr/7.3.0/../../../../avr/lib/avr51/crtatmega128.o
 .debug_info    0x0000000000000780      0x400 thermo3_skel.o
 .debug_info    0x0000000000000b80     0x1249 hd44780.o
 .debug_info    0x0000000000001dc9       0x9f lm73_functions.o
 .debug_info    0x0000000000001e68      0x220 twi_master.o

.debug_abbrev   0x0000000000000000      0xdb9
 *(.debug_abbrev)
 .debug_abbrev  0x0000000000000000      0x718 /opt/avr8-gnu-toolchain-linux_x86_64/bin/../lib/gcc/avr/7.3.0/../../../../avr/lib/avr51/crtatmega128.o
 .debug_abbrev  0x0000000000000718      0x204 thermo3_skel.o
 .debug_abbrev  0x000000000000091c      0x32e hd44780.o
 .debug_abbrev  0x0000000000000c4a       0x5d lm73_functions.o
 .debug_abbrev  0x0000000000000ca7      0x112 twi_master.o

.debug_line     0x0000000000000000      0xde9
 *(.debug_line .debug_line.* .debug_line_end)
 .debug_line    0x0000000000000000       0x1a /opt/avr8-gnu-toolchain-linux_x86_64/bin/../lib/gcc/avr/7.3.0/../../../../avr/lib/avr51/crtatmega128.o
 .debug_line    0x000000000000001a      0x1f0 thermo3_skel.o
 .debug_line    0x000000000000020a      0x97c hd44780.o
 .debug_line    0x0000000000000b86       0x6b lm73_functions.o
 .debug_line    0x0000000000000bf1      0x1f8 twi_master.o

.debug_frame    0x0000000000000000      0x2c0
 *(.debug_frame)
 .debug_frame   0x0000000000000000       0x34 thermo3_skel.o
 .debug_frame   0x0000000000000034      0x204 hd44780.o
 .debug_frame   0x0000000000000238       0x88 twi_master.o

.debug_str      0x0000000000000000      0x64d
 *(.debug_str)
 .debug_str     0x0000000000000000      0x27d /opt/avr8-gnu-toolchain-linux_x86_64/bin/../lib/gcc/avr/7.3.0/../../../../avr/lib/avr51/crtatmega128.o
 .debug_str     0x000000000000027d      0x1e8 thermo3_skel.o
                                        0x226 (size before relaxing)
 .debug_str     0x0000000000000465      0x162 hd44780.o
                                        0x328 (size before relaxing)
 .debug_str     0x00000000000005c7       0x11 lm73_functions.o
                                         0xfc (size before relaxing)
 .debug_str     0x00000000000005d8       0x75 twi_master.o
                                        0x1b6 (size before relaxing)

.debug_loc      0x0000000000000000     0x17d9
 *(.debug_loc)
 .debug_loc     0x0000000000000000       0xe8 thermo3_skel.o
 .debug_loc     0x00000000000000e8     0x163f hd44780.o
 .debug_loc     0x0000000000001727       0xb2 twi_master.o

.debug_macinfo
 *(.debug_macinfo)

.debug_weaknames
 *(.debug_weaknames)

.debug_funcnames
 *(.debug_funcnames)

.debug_typenames
 *(.debug_typenames)

.debug_varnames
 *(.debug_varnames)

.debug_pubtypes
 *(.debug_pubtypes)

.debug_ranges   0x0000000000000000       0xa8
 *(.debug_ranges)
 .debug_ranges  0x0000000000000000       0x18 thermo3_skel.o
 .debug_ranges  0x0000000000000018       0x90 hd44780.o

.debug_macro
 *(.debug_macro)
OUTPUT(thermo3_skel.elf elf32-avr)
LOAD linker stubs
